// Vitest Snapshot v1, https://vitest.dev/guide/snapshot.html

exports[`registerRoutes > mounts the stable set of /api/* endpoints (snapshot) 1`] = `
[
  "_ALL /api/auth/*",
  "_ALL /api/privat",
  "DELETE /api/push/subscribe",
  "GET /api/barcode",
  "GET /api/billing/status",
  "GET /api/coach/memory",
  "GET /api/email/unsubscribe",
  "GET /api/food-search",
  "GET /api/internal/prompts/:namespace/:slug",
  "GET /api/internal/seo/keywords",
  "GET /api/internal/users/cohort",
  "GET /api/me",
  "GET /api/mono/accounts",
  "GET /api/mono/backfill-progress",
  "GET /api/mono/sync-state",
  "GET /api/mono/transactions",
  "GET /api/push/vapid-public",
  "GET /api/sync/audit",
  "GET /api/sync/pull-all",
  "GET /api/v2/sync/pull",
  "GET /api/v2/sync/stream",
  "GET /health",
  "GET /health/liveness",
  "GET /health/readiness",
  "GET /health/startup",
  "GET /health/workers",
  "GET /healthz",
  "GET /livez",
  "GET /metrics",
  "GET /readyz",
  "GET /startupz",
  "POST /api/ai-memory/ingest",
  "POST /api/ai-memory/recall",
  "POST /api/billing/checkout",
  "POST /api/billing/stripe-webhook",
  "POST /api/chat",
  "POST /api/coach/insight",
  "POST /api/coach/memory",
  "POST /api/csp-report",
  "POST /api/internal/ai-usage",
  "POST /api/internal/alerts/ack",
  "POST /api/internal/alerts/escalate",
  "POST /api/internal/alerts/pending",
  "POST /api/internal/alerts/post",
  "POST /api/internal/alerts/send",
  "POST /api/internal/billing/downgrade",
  "POST /api/internal/billing/upgrade",
  "POST /api/internal/categorize",
  "POST /api/internal/email/event",
  "POST /api/internal/email/sent",
  "POST /api/internal/governance/audit",
  "POST /api/internal/growth/acquisition",
  "POST /api/internal/growth/cohort",
  "POST /api/internal/growth/feature-adoption",
  "POST /api/internal/growth/funnel",
  "POST /api/internal/marketing/mention",
  "POST /api/internal/marketing/review",
  "POST /api/internal/marketing/social-channel",
  "POST /api/internal/mono/webhook/rotate",
  "POST /api/internal/openclaw/budget",
  "POST /api/internal/openclaw/classify",
  "POST /api/internal/openclaw/decision",
  "POST /api/internal/openclaw/decisions/list",
  "POST /api/internal/openclaw/github",
  "POST /api/internal/openclaw/github/diff",
  "POST /api/internal/openclaw/github/prs",
  "POST /api/internal/openclaw/github/releases",
  "POST /api/internal/openclaw/github/search",
  "POST /api/internal/openclaw/github/tree",
  "POST /api/internal/openclaw/invocations/finalize",
  "POST /api/internal/openclaw/invocations/list",
  "POST /api/internal/openclaw/invocations/open",
  "POST /api/internal/openclaw/metrics/posthog",
  "POST /api/internal/openclaw/metrics/sentry",
  "POST /api/internal/openclaw/metrics/server",
  "POST /api/internal/openclaw/metrics/stripe",
  "POST /api/internal/openclaw/n8n/activate",
  "POST /api/internal/openclaw/n8n/describe",
  "POST /api/internal/openclaw/n8n/list",
  "POST /api/internal/openclaw/n8n/trigger",
  "POST /api/internal/openclaw/query",
  "POST /api/internal/openclaw/recall",
  "POST /api/internal/openclaw/reminders/cancel",
  "POST /api/internal/openclaw/reminders/list",
  "POST /api/internal/openclaw/reminders/list-due",
  "POST /api/internal/openclaw/reminders/mark-failed",
  "POST /api/internal/openclaw/reminders/mark-sent",
  "POST /api/internal/openclaw/reminders/set",
  "POST /api/internal/openclaw/seo/gsc",
  "POST /api/internal/openclaw/seo/lighthouse",
  "POST /api/internal/openclaw/seo/serp",
  "POST /api/internal/openclaw/snapshot/refresh",
  "POST /api/internal/openclaw/strategy",
  "POST /api/internal/openclaw/telegram",
  "POST /api/internal/openclaw/workflow",
  "POST /api/internal/openclaw/write-audit/list",
  "POST /api/internal/openclaw/write-audit/log",
  "POST /api/internal/openclaw/write/github-issue",
  "POST /api/internal/openclaw/write/mute-alert",
  "POST /api/internal/openclaw/write/pause-workflow",
  "POST /api/internal/openclaw/write/post-to-topic",
  "POST /api/internal/openclaw/write/strategy-doc",
  "POST /api/internal/revenue/snapshot",
  "POST /api/internal/seo/backlinks",
  "POST /api/internal/seo/competitor-snapshot",
  "POST /api/internal/seo/gsc-snapshot",
  "POST /api/internal/seo/pagespeed",
  "POST /api/internal/seo/rank-snapshot",
  "POST /api/internal/seo/sitemap-health",
  "POST /api/metrics/web-vitals",
  "POST /api/mono/backfill",
  "POST /api/mono/connect",
  "POST /api/mono/disconnect",
  "POST /api/mono/webhook",
  "POST /api/mono/webhook/:secret",
  "POST /api/nutrition/analyze-photo",
  "POST /api/nutrition/backup-download",
  "POST /api/nutrition/backup-upload",
  "POST /api/nutrition/day-hint",
  "POST /api/nutrition/day-plan",
  "POST /api/nutrition/parse-pantry",
  "POST /api/nutrition/recommend-recipes",
  "POST /api/nutrition/refine-photo",
  "POST /api/nutrition/shopping-list",
  "POST /api/nutrition/week-plan",
  "POST /api/push/register",
  "POST /api/push/send",
  "POST /api/push/subscribe",
  "POST /api/push/test",
  "POST /api/push/unregister",
  "POST /api/sync/pull",
  "POST /api/sync/pull-all",
  "POST /api/sync/push",
  "POST /api/sync/push-all",
  "POST /api/transcribe",
  "POST /api/v1/waitlist",
  "POST /api/v2/sync/push",
  "POST /api/waitlist",
  "POST /api/weekly-digest",
]
`;
